{
  "sink1": [
    {
      "time": "1970-01-01T00:00:00.001Z",
      "grumpkins": 86.89435452688485,
      "snarks": 88.09435452688486
    },
    {
      "time": "1970-01-01T00:00:00.001Z",
      "grumpkins": 51.51528539136052,
      "snarks": 52.715285391360524
    },
    {
      "time": "1970-01-01T00:00:00.002Z",
      "grumpkins": 69.61534135043621,
      "snarks": 70.81534135043621
    },
    {
      "time": "1970-01-01T00:00:00.008Z",
      "grumpkins": 65.7509105745703,
      "snarks": 66.9509105745703
    },
    {
      "time": "1970-01-01T00:00:00.011Z",
      "grumpkins": 86.53959247749299,
      "snarks": 87.73959247749299
    },
    {
      "time": "1970-01-01T00:00:00.011Z",
      "grumpkins": 16.140376590192318,
      "snarks": 17.340376590192317
    },
    {
      "time": "1970-01-01T00:00:00.013Z",
      "grumpkins": 45.50091333221644,
      "snarks": 46.700913332216444
    },
    {
      "time": "1970-01-01T00:00:00.012Z",
      "grumpkins": 90.40425342973322,
      "snarks": 91.60425342973322
    },
    {
      "time": "1970-01-01T00:00:00.015Z",
      "grumpkins": 71.42875657882541,
      "snarks": 72.62875657882542
    },
    {
      "time": "1970-01-01T00:00:00.020Z",
      "grumpkins": 86.92704201675951,
      "snarks": 88.12704201675952
    }
  ]
}
